// Jest Snapshot v1, https://goo.gl/fbAQLP

exports[`should render ExpensesSummary correctly 1`] = `
<div>
  Viewing 
  3
   expense
  s
  . Total: 
  $1,141.95
</div>
`;
